yarn run v1.22.22
$ vite
Port 5173 is in use, trying another one...
Port 5174 is in use, trying another one...
Port 5175 is in use, trying another one...

  [32m[1mVITE[22m v5.4.21[39m  [2mready in [0m[1m1293[22m[2m[0m ms[22m

  [32m筐・[39m  [1mLocal[22m:   [36mhttp://localhost:[1m5176[22m/[39m
[2m  [32m筐・[39m  [1mNetwork[22m[2m: use [22m[1m--host[22m[2m to expose[22m
[2m[32m  筐・[39m[22m[2m  press [22m[1mh + enter[22m[2m to show help[22m
node.exe : Error: The following dependencies are import
ed but could not be resolved:
発生場所 C:\Users\pc-de\AppData\Roaming\npm\yarn.ps1:24 文字:
5
+     & "node$exe"  "$basedir/node_modules/yarn/bin/yar
n.js" $args
+     ~~~~~~~~~~~~~~~~~~~~~~~~~~~~~~~~~~~~~~~~~~~~~~~~~
~~~~~~~~~~~
    + CategoryInfo          : NotSpecified: (Error: Th 
   e foll...ot be resolved::String) [], RemoteExcepti  
  on
    + FullyQualifiedErrorId : NativeCommandError
 

  [36mreact-router-dom[39m [37m[2m(imported by C:/U
sers/pc-de/Documents/Antigravity-workspace/Novel_Gear/f
rontend/src/pages/Characters/CharacterDetailView.tsx)[
22m[39m
  [36mlucide-react[39m [37m[2m(imported by C:/Users
/pc-de/Documents/Antigravity-workspace/Novel_Gear/front
end/src/pages/Characters/CharacterDetailView.tsx)[22m
[39m
  [36maxios[39m [37m[2m(imported by C:/Users/pc-de/
Documents/Antigravity-workspace/Novel_Gear/frontend/src
/api.ts)[22m[39m

Are they installed?
    at file:///C:/Users/pc-de/Documents/Antigravity-wor
kspace/Novel_Gear/frontend/node_modules/vite/dist/node/
chunks/dep-BK3b2jBa.js:50669:15
    at process.processTicksAndRejections (node:internal
/process/task_queues:95:5)
    at async file:///C:/Users/pc-de/Documents/Antigravi
ty-workspace/Novel_Gear/frontend/node_modules/vite/dist
/node/chunks/dep-BK3b2jBa.js:50174:26
